[    0.000000] Initializing cgroup subsys cpuset
[    0.000000] Initializing cgroup subsys cpu
[    0.000000] Initializing cgroup subsys cpuacct
[    0.000000] Linux version 4.4.0-59-generic (buildd@lgw01-11) (gcc version 5.4.0 20160609 (Ubuntu 5.4.0-6ubuntu1~16.04.4) ) #80-Ubuntu SMP Fri Jan 6 17:47:47 UTC 2017 (Ubuntu 4.4.0-59.80-generic 4.4.35)
[    0.000000] Command line: BOOT_IMAGE=/boot/vmlinuz-4.4.0-59-generic root=LABEL=cloudimg-rootfs ro console=tty1 console=ttyS0
[    0.000000] KERNEL supported cpus:
[    0.000000]   Intel GenuineIntel
[    0.000000]   AMD AuthenticAMD
[    0.000000]   Centaur CentaurHauls
[    0.000000] x86/fpu: xstate_offset[2]:  576, xstate_sizes[2]:  256
[    0.000000] x86/fpu: Supporting XSAVE feature 0x01: 'x87 floating point registers'
[    0.000000] x86/fpu: Supporting XSAVE feature 0x02: 'SSE registers'
[    0.000000] x86/fpu: Supporting XSAVE feature 0x04: 'AVX registers'
[    0.000000] x86/fpu: Enabled xstate features 0x7, context size is 832 bytes, using 'standard' format.
[    0.000000] x86/fpu: Using 'lazy' FPU context switches.
[    0.000000] e820: BIOS-provided physical RAM map:
[    0.000000] BIOS-e820: [mem 0x0000000000000000-0x000000000009fbff] usable
[    0.000000] BIOS-e820: [mem 0x000000000009fc00-0x000000000009ffff] reserved
[    0.000000] BIOS-e820: [mem 0x00000000000f0000-0x00000000000fffff] reserved
[    0.000000] BIOS-e820: [mem 0x0000000000100000-0x000000007ffeffff] usable
[    0.000000] BIOS-e820: [mem 0x000000007fff0000-0x000000007fffffff] ACPI data
[    0.000000] BIOS-e820: [mem 0x00000000fec00000-0x00000000fec00fff] reserved
[    0.000000] BIOS-e820: [mem 0x00000000fee00000-0x00000000fee00fff] reserved
[    0.000000] BIOS-e820: [mem 0x00000000fffc0000-0x00000000ffffffff] reserved
[    0.000000] NX (Execute Disable) protection: active
[    0.000000] SMBIOS 2.5 present.
[    0.000000] Hypervisor detected: KVM
[    0.000000] e820: last_pfn = 0x7fff0 max_arch_pfn = 0x400000000
[    0.000000] MTRR: Disabled
[    0.000000] x86/PAT: MTRRs disabled, skipping PAT initialization too.
[    0.000000] x86/PAT: Configuration [0-7]: WB  WT  UC- UC  WB  WT  UC- UC  
[    0.000000] CPU MTRRs all blank - virtualized system.
[    0.000000] found SMP MP-table at [mem 0x0009fff0-0x0009ffff] mapped at [ffff88000009fff0]
[    0.000000] Scanning 1 areas for low memory corruption
[    0.000000] RAMDISK: [mem 0x36b76000-0x375b2fff]
[    0.000000] ACPI: Early table checksum verification disabled
[    0.000000] ACPI: RSDP 0x00000000000E0000 000024 (v02 VBOX  )
[    0.000000] ACPI: XSDT 0x000000007FFF0030 00003C (v01 VBOX   VBOXXSDT 00000001 ASL  00000061)
[    0.000000] ACPI: FACP 0x000000007FFF00F0 0000F4 (v04 VBOX   VBOXFACP 00000001 ASL  00000061)
[    0.000000] ACPI: DSDT 0x000000007FFF0470 00210F (v01 VBOX   VBOXBIOS 00000002 INTL 20100528)
[    0.000000] ACPI: FACS 0x000000007FFF0200 000040
[    0.000000] ACPI: FACS 0x000000007FFF0200 000040
[    0.000000] ACPI: APIC 0x000000007FFF0240 00005C (v02 VBOX   VBOXAPIC 00000001 ASL  00000061)
[    0.000000] ACPI: SSDT 0x000000007FFF02A0 0001CC (v01 VBOX   VBOXCPUT 00000002 INTL 20100528)
[    0.000000] No NUMA configuration found
[    0.000000] Faking a node at [mem 0x0000000000000000-0x000000007ffeffff]
[    0.000000] NODE_DATA(0) allocated [mem 0x7ffeb000-0x7ffeffff]
[    0.000000] kvm-clock: Using msrs 4b564d01 and 4b564d00
[    0.000000] kvm-clock: cpu 0, msr 0:7ffe3001, primary cpu clock
[    0.000000] kvm-clock: using sched offset of 3536508769 cycles
[    0.000000] clocksource: kvm-clock: mask: 0xffffffffffffffff max_cycles: 0x1cd42e4dffb, max_idle_ns: 881590591483 ns
[    0.000000] Zone ranges:
[    0.000000]   DMA      [mem 0x0000000000001000-0x0000000000ffffff]
[    0.000000]   DMA32    [mem 0x0000000001000000-0x000000007ffeffff]
[    0.000000]   Normal   empty
[    0.000000]   Device   empty
[    0.000000] Movable zone start for each node
[    0.000000] Early memory node ranges
[    0.000000]   node   0: [mem 0x0000000000001000-0x000000000009efff]
[    0.000000]   node   0: [mem 0x0000000000100000-0x000000007ffeffff]
[    0.000000] Initmem setup node 0 [mem 0x0000000000001000-0x000000007ffeffff]
[    0.000000] ACPI: PM-Timer IO Port: 0x4008
[    0.000000] IOAPIC[0]: apic_id 2, version 32, address 0xfec00000, GSI 0-23
[    0.000000] ACPI: INT_SRC_OVR (bus 0 bus_irq 0 global_irq 2 dfl dfl)
[    0.000000] ACPI: INT_SRC_OVR (bus 0 bus_irq 9 global_irq 9 high level)
[    0.000000] Using ACPI (MADT) for SMP configuration information
[    0.000000] smpboot: Allowing 2 CPUs, 0 hotplug CPUs
[    0.000000] PM: Registered nosave memory: [mem 0x00000000-0x00000fff]
[    0.000000] PM: Registered nosave memory: [mem 0x0009f000-0x0009ffff]
[    0.000000] PM: Registered nosave memory: [mem 0x000a0000-0x000effff]
[    0.000000] PM: Registered nosave memory: [mem 0x000f0000-0x000fffff]
[    0.000000] e820: [mem 0x80000000-0xfebfffff] available for PCI devices
[    0.000000] Booting paravirtualized kernel on KVM
[    0.000000] clocksource: refined-jiffies: mask: 0xffffffff max_cycles: 0xffffffff, max_idle_ns: 7645519600211568 ns
[    0.000000] setup_percpu: NR_CPUS:512 nr_cpumask_bits:512 nr_cpu_ids:2 nr_node_ids:1
[    0.000000] PERCPU: Embedded 33 pages/cpu @ffff88007fc00000 s98264 r8192 d28712 u1048576
[    0.000000] PV qspinlock hash table entries: 256 (order: 0, 4096 bytes)
[    0.000000] Built 1 zonelists in Node order, mobility grouping on.  Total pages: 515961
[    0.000000] Policy zone: DMA32
[    0.000000] Kernel command line: BOOT_IMAGE=/boot/vmlinuz-4.4.0-59-generic root=LABEL=cloudimg-rootfs ro console=tty1 console=ttyS0
[    0.000000] PID hash table entries: 4096 (order: 3, 32768 bytes)
[    0.000000] Memory: 2034288K/2096696K available (8436K kernel code, 1291K rwdata, 3960K rodata, 1488K init, 1316K bss, 62408K reserved, 0K cma-reserved)
[    0.000000] SLUB: HWalign=64, Order=0-3, MinObjects=0, CPUs=2, Nodes=1
[    0.000000] Hierarchical RCU implementation.
[    0.000000] 	Build-time adjustment of leaf fanout to 64.
[    0.000000] 	RCU restricting CPUs from NR_CPUS=512 to nr_cpu_ids=2.
[    0.000000] RCU: Adjusting geometry for rcu_fanout_leaf=64, nr_cpu_ids=2
[    0.000000] NR_IRQS:33024 nr_irqs:440 16
[    0.000000] Console: colour VGA+ 80x25
[    0.000000] console [tty1] enabled
[    0.000000] console [ttyS0] enabled
[    0.000000] tsc: Detected 2294.796 MHz processor
[    0.980973] Calibrating delay loop (skipped) preset value.. 4589.59 BogoMIPS (lpj=9179184)
[    0.990871] pid_max: default: 32768 minimum: 301
[    0.997066] ACPI: Core revision 20150930
[    0.999205] ACPI: 2 ACPI AML tables successfully acquired and loaded
[    1.008675] Security Framework initialized
[    1.009644] Yama: becoming mindful.
[    1.012203] AppArmor: AppArmor initialized
[    1.018662] Dentry cache hash table entries: 262144 (order: 9, 2097152 bytes)
[    1.059082] Inode-cache hash table entries: 131072 (order: 8, 1048576 bytes)
[    1.170270] Mount-cache hash table entries: 4096 (order: 3, 32768 bytes)
[    1.265088] Mountpoint-cache hash table entries: 4096 (order: 3, 32768 bytes)
[    1.287152] Initializing cgroup subsys io
[    1.308891] Initializing cgroup subsys memory
[    1.374391] Initializing cgroup subsys devices
[    1.375440] Initializing cgroup subsys freezer
[    1.418009] Initializing cgroup subsys net_cls
[    1.454387] Initializing cgroup subsys perf_event
[    1.455468] Initializing cgroup subsys net_prio
[    1.456510] Initializing cgroup subsys hugetlb
[    1.457626] Initializing cgroup subsys pids
[    1.458743] CPU: Physical Processor ID: 0
[    1.463986] CPU: Processor Core ID: 0
[    1.464930] mce: CPU supports 0 MCE banks
[    1.465906] Last level iTLB entries: 4KB 512, 2MB 8, 4MB 8
[    1.467099] Last level dTLB entries: 4KB 512, 2MB 32, 4MB 32, 1GB 0
[    1.470824] Freeing SMP alternatives memory: 32K (ffffffff820b8000 - ffffffff820c0000)
[    1.587855] ftrace: allocating 32064 entries in 126 pages
[    1.725565] smpboot: APIC(0) Converting physical 0 to logical package 0
[    1.733435] smpboot: Max logical packages: 1
[    1.736651] x2apic enabled
[    1.737698] Switched APIC routing to physical x2apic.
[   1.740183] ..TIMER: vector=0x30 apic1=0 pin1=2 apic2=-1 pin2=-1
[    1.908765] smpboot: CPU0: Intel(R) Core(TM) i5-2410M CPU @ 2.30GHz (family: 0x6, model: 0x2a, stepping: 0x7)
[    1.969148] Performance Events: unsupported p6 CPU model 42 no PMU driver, software events only.
[    1.971264] KVM setup paravirtual spinlock
[    1.987660] x86: Booting SMP configuration:
[    1.997502] .... node  #0, CPUs:      #1
[    1.998897] kvm-clock: cpu 1, msr 0:7ffe3041, secondary cpu clock
[    2.006012] mce: CPU supports 0 MCE banks
[    2.029497] x86: Booted up 1 node, 2 CPUs
[    2.031042] smpboot: Total of 2 processors activated (9179.18 BogoMIPS)
[    2.039092] devtmpfs: initialized
[    2.048408] evm: security.selinux
[    2.066156] evm: security.SMACK64
[    2.066991] evm: security.SMACK64EXEC
[    2.067892] evm: security.SMACK64TRANSMUTE
[    2.068856] evm: security.SMACK64MMAP
[    2.069888] evm: security.ima
[    2.071069] evm: security.capability
[    2.072508] clocksource: jiffies: mask: 0xffffffff max_cycles: 0xffffffff, max_idle_ns: 7645041785100000 ns
[    2.084128] pinctrl core: initialized pinctrl subsystem
[    2.085434] RTC time: 13:02:43, date: 02/03/17
[    2.086655] NET: Registered protocol family 16
[    2.096956] cpuidle: using governor ladder
[    2.126240] cpuidle: using governor menu
[    2.184660] PCCT header not found.
[    2.185821] ACPI: bus type PCI registered
[    2.186998] acpiphp: ACPI Hot Plug PCI Controller Driver version: 0.5
[    2.212090] PCI: Using configuration type 1 for base access
[    2.254092] ACPI: Added _OSI(Module Device)
[    2.267806] ACPI: Added _OSI(Processor Device)
[    2.268851] ACPI: Added _OSI(3.0 _SCP Extensions)
[    2.269900] ACPI: Added _OSI(Processor Aggregator Device)
[    2.271909] ACPI: Executed 1 blocks of module-level executable AML code
[    2.300297] ACPI: Interpreter enabled
[    2.375193] ACPI: (supports S0 S5)
[    2.424553] ACPI: Using IOAPIC for interrupt routing
[    2.434379] PCI: Using host bridge windows from ACPI; if necessary, use "pci=nocrs" and report a bug
[    2.462088] ACPI: PCI Root Bridge [PCI0] (domain 0000 [bus 00-ff])
[    2.463438] acpi PNP0A03:00: _OSC: OS supports [ASPM ClockPM Segments MSI]
[    2.475505] acpi PNP0A03:00: _OSC failed (AE_NOT_FOUND); disabling ASPM
[    2.476928] acpi PNP0A03:00: fail to add MMCONFIG information, can't access extended PCI configuration space under this bridge.
[    2.560342] PCI host bridge to bus 0000:00
[    2.622449] pci_bus 0000:00: root bus resource [io  0x0000-0x0cf7 window]
[    2.623885] pci_bus 0000:00: root bus resource [io  0x0d00-0xffff window]
[    2.625282] pci_bus 0000:00: root bus resource [mem 0x000a0000-0x000bffff window]
[    2.633393] pci_bus 0000:00: root bus resource [mem 0x80000000-0xffdfffff window]
[    2.644862] pci_bus 0000:00: root bus resource [bus 00-ff]
[    2.648193] pci 0000:00:01.1: legacy IDE quirk: reg 0x10: [io  0x01f0-0x01f7]
[    2.664604] pci 0000:00:01.1: legacy IDE quirk: reg 0x14: [io  0x03f6]
[    2.670097] pci 0000:00:01.1: legacy IDE quirk: reg 0x18: [io  0x0170-0x0177]
[    2.685229] pci 0000:00:01.1: legacy IDE quirk: reg 0x1c: [io  0x0376]
[    2.772343] pci 0000:00:07.0: quirk: [io  0x4000-0x403f] claimed by PIIX4 ACPI
[    2.862295] pci 0000:00:07.0: quirk: [io  0x4100-0x410f] claimed by PIIX4 SMB
[    3.037263] ACPI: PCI Interrupt Link [LNKA] (IRQs 5 9 10 *11)
[    3.080523] ACPI: PCI Interrupt Link [LNKB] (IRQs 5 9 10 *11)
[    3.126526] ACPI: PCI Interrupt Link [LNKC] (IRQs 5 9 *10 11)
[    3.131372] ACPI: PCI Interrupt Link [LNKD] (IRQs 5 *9 10 11)
[    3.133268] ACPI: Enabled 2 GPEs in block 00 to 07
[    3.134905] vgaarb: setting as boot device: PCI:0000:00:02.0
[    3.144879] vgaarb: device added: PCI:0000:00:02.0,decodes=io+mem,owns=io+mem,locks=none
[    3.185318] vgaarb: loaded
[    3.204553] vgaarb: bridge control possible 0000:00:02.0
[    3.205972] SCSI subsystem initialized
[    3.207020] ACPI: bus type USB registered
[    3.276019] usbcore: registered new interface driver usbfs
[    3.294819] usbcore: registered new interface driver hub
[    3.296030] usbcore: registered new device driver usb
[    3.320213] PCI: Using ACPI for IRQ routing
[    3.395553] NetLabel: Initializing
[    3.399565] NetLabel:  domain hash size = 128
[    3.400570] NetLabel:  protocols = UNLABELED CIPSOv4
[    3.401734] NetLabel:  unlabeled traffic allowed by default
[    3.408920] amd_nb: Cannot enumerate AMD northbridges
[    3.431351] clocksource: Switched to clocksource kvm-clock
[    3.446054] AppArmor: AppArmor Filesystem Enabled
[    3.456840] pnp: PnP ACPI init
[    3.458538] pnp: PnP ACPI: found 3 devices
[    3.469344] clocksource: acpi_pm: mask: 0xffffff max_cycles: 0xffffff, max_idle_ns: 2085701024 ns
[    3.563793] NET: Registered protocol family 2
[    3.665866] TCP established hash table entries: 16384 (order: 5, 131072 bytes)
[    3.690762] TCP bind hash table entries: 16384 (order: 6, 262144 bytes)
[    3.702480] TCP: Hash tables configured (established 16384 bind 16384)
[    3.705819] UDP hash table entries: 1024 (order: 3, 32768 bytes)
[    3.707412] UDP-Lite hash table entries: 1024 (order: 3, 32768 bytes)
[    3.824138] NET: Registered protocol family 1
[    3.847560] pci 0000:00:00.0: Limiting direct PCI/PCI transfers
[    3.945470] pci 0000:00:01.0: Activating ISA DMA hang workarounds
[    4.022863] Trying to unpack rootfs image as initramfs...
[    6.263031] Freeing initrd memory: 10484K (ffff880036b76000 - ffff8800375b3000)
[    6.267651] RAPL PMU detected, API unit is 2^-32 Joules, 3 fixed counters 10737418240 ms ovfl timer
[    6.287722] hw unit of domain pp0-core 2^-0 Joules
[    6.293639] hw unit of domain package 2^-0 Joules
[    6.295622] hw unit of domain pp1-gpu 2^-0 Joules
[    6.299829] platform rtc_cmos: registered platform RTC device (no PNP device found)
[    6.309492] Scanning for low memory corruption every 60 seconds
[    6.313743] futex hash table entries: 512 (order: 3, 32768 bytes)
[    6.321117] audit: initializing netlink subsys (disabled)
[    6.323500] audit: type=2000 audit(1486126970.207:1): initialized
[    6.335825] Initialise system trusted keyring
[    6.353639] HugeTLB registered 2 MB page size, pre-allocated 0 pages
[    6.361835] zbud: loaded
[    6.370786] VFS: Disk quotas dquot_6.6.0
[    6.376095] VFS: Dquot-cache hash table entries: 512 (order 0, 4096 bytes)
[    6.383144] squashfs: version 4.0 (2009/01/31) Phillip Lougher
[    6.386208] fuse init (API version 7.23)
[    6.397659] Key type big_key registered
[    6.398932] Allocating IMA MOK and blacklist keyrings.
[    6.410819] Key type asymmetric registered
[    6.413188] Asymmetric key parser 'x509' registered
[    6.426412] Block layer SCSI generic (bsg) driver version 0.4 loaded (major 249)
[    6.429278] io scheduler noop registered
[    6.430697] io scheduler deadline registered (default)
[    6.433967] io scheduler cfq registered
[    6.450795] pci_hotplug: PCI Hot Plug PCI Core version: 0.5
[    6.453356] pciehp: PCI Express Hot Plug Controller Driver version: 0.4
[    6.460088] ACPI: AC Adapter [AC] (on-line)
[    6.469295] input: Power Button as /devices/LNXSYSTM:00/LNXPWRBN:00/input/input0
[    6.480958] ACPI: Power Button [PWRF]
[    6.484852] input: Sleep Button as /devices/LNXSYSTM:00/LNXSLPBN:00/input/input1
[    6.495586] ACPI: Sleep Button [SLPF]
[    6.500277] GHES: HEST is not enabled!
[    6.502062] ACPI: Battery Slot [BAT0] (battery present)
[    6.510053] Serial: 8250/16550 driver, 32 ports, IRQ sharing enabled
[    6.534922] 00:02: ttyS0 at I/O 0x3f8 (irq = 4, base_baud = 115200) is a 16550A
[    6.564502] Linux agpgart interface v0.103
[    6.582902] brd: module loaded
[    6.608246] loop: module loaded
[    6.612647] scsi host0: ata_piix
[    6.617693] scsi host1: ata_piix
[    6.620125] ata1: PATA max UDMA/33 cmd 0x1f0 ctl 0x3f6 bmdma 0xd000 irq 14
[    6.629799] ata2: PATA max UDMA/33 cmd 0x170 ctl 0x376 bmdma 0xd008 irq 15
[    6.641338] libphy: Fixed MDIO Bus: probed
[    6.645038] tun: Universal TUN/TAP device driver, 1.6
[    6.647190] tun: (C) 1999-2004 Max Krasnyansky <maxk@qualcomm.com>
[    6.650597] PPP generic driver version 2.4.2
[    6.664556] ehci_hcd: USB 2.0 'Enhanced' Host Controller (EHCI) Driver
[    6.666636] ehci-pci: EHCI PCI platform driver
[    6.668270] ehci-platform: EHCI generic platform driver
[    6.678278] ohci_hcd: USB 1.1 'Open' Host Controller (OHCI) Driver
[    6.685779] ohci-pci: OHCI PCI platform driver
[    6.695863] ohci-platform: OHCI generic platform driver
[    6.699830] uhci_hcd: USB Universal Host Controller Interface driver
[    6.706540] i8042: PNP: PS/2 Controller [PNP0303:PS2K,PNP0f03:PS2M] at 0x60,0x64 irq 1,12
[    6.711787] serio: i8042 KBD port at 0x60,0x64 irq 1
[    6.717419] serio: i8042 AUX port at 0x60,0x64 irq 12
[    6.721331] mousedev: PS/2 mouse device common for all mice
[    6.726952] input: AT Translated Set 2 keyboard as /devices/platform/i8042/serio0/input/input2
[    6.732383] rtc_cmos rtc_cmos: rtc core: registered rtc_cmos as rtc0
[    6.737095] rtc_cmos rtc_cmos: alarms up to one day, 114 bytes nvram
[    6.740726] i2c /dev entries driver
[    6.742222] device-mapper: uevent: version 1.0.3
[    6.744036] device-mapper: ioctl: 4.34.0-ioctl (2015-10-28) initialised: dm-devel@redhat.com
[    6.746653] ledtrig-cpu: registered to indicate activity on CPUs
[    6.749005] NET: Registered protocol family 10
[    6.750930] NET: Registered protocol family 17
[    6.754519] Key type dns_resolver registered
[    6.756353] microcode: CPU0 sig=0x206a7, pf=0x10, revision=0x0
[    6.758073] microcode: CPU1 sig=0x206a7, pf=0x10, revision=0x0
[    6.760073] microcode: Microcode Update Driver: v2.01 <tigran@aivazian.fsnet.co.uk>, Peter Oruba
[    6.763463] registered taskstats version 1
[    6.765034] Loading compiled-in X.509 certificates
[    6.768028] Loaded X.509 cert 'Build time autogenerated kernel key: 6ffa6bfaa152a74cd2b6aa1e188cb999d8f5632b'
[    6.778894] zswap: loaded using pool lzo/zbud
[    6.785241] Key type trusted registered
[    6.792318] Key type encrypted registered
[    6.796812] AppArmor: AppArmor sha1 policy hashing enabled
[    6.800306] ima: No TPM chip found, activating TPM-bypass!
[    6.803713] evm: HMAC attrs: 0x1
[    6.810948]   Magic number: 5:538:27
[    6.813535] rtc_cmos rtc_cmos: setting system clock to 2017-02-03 13:02:48 UTC (1486126968)
[    6.816241] BIOS EDD facility v0.16 2004-Jun-25, 0 devices found
[    6.826710] EDD information not available.
[    6.831079] Freeing unused kernel memory: 1488K (ffffffff81f44000 - ffffffff820b8000)
[    6.835732] Write protecting the kernel read-only data: 14336k
[    6.839487] Freeing unused kernel memory: 1792K (ffff880001840000 - ffff880001a00000)
[    6.850878] Freeing unused kernel memory: 136K (ffff880001dde000 - ffff880001e00000)
Loading, please wait...
starting version[    6.867007] random: systemd-udevd: uninitialized urandom read (16 bytes read, 2 bits of entropy available)
 229
[    6.867749] random: udevadm: uninitialized urandom read (16 bytes read, 2 bits of entropy available)
[    6.867790] random: udevadm: uninitialized urandom read (16 bytes read, 2 bits of entropy available)
[    6.867918] random: udevadm: uninitialized urandom read (16 bytes read, 2 bits of entropy available)
[    6.867970] random: udevadm: uninitialized urandom read (16 bytes read, 2 bits of entropy available)
[    6.868042] random: udevadm: uninitialized urandom read (16 bytes read, 2 bits of entropy available)
[    6.868090] random: udevadm: uninitialized urandom read (16 bytes read, 2 bits of entropy available)
[    6.868141] random: udevadm: uninitialized urandom read (16 bytes read, 2 bits of entropy available)
[    6.868187] random: udevadm: uninitialized urandom read (16 bytes read, 2 bits of entropy available)
[    6.868232] random: udevadm: uninitialized urandom read (16 bytes read, 2 bits of entropy available)
[    6.917768] e1000: Intel(R) PRO/1000 Network Driver - version 7.3.21-k8-NAPI
[    6.927042] e1000: Copyright (c) 1999-2006 Intel Corporation.
[    6.937647] Fusion MPT base driver 3.04.20
[    6.968483] Copyright (c) 1999-2008 LSI Corporation
[    6.989950] Fusion MPT SPI Host driver 3.04.20
[    7.013298] AVX version of gcm_enc/dec engaged.
[    7.021121] AES CTR mode by8 optimization enabled
[    7.187622] input: ImExPS/2 Generic Explorer Mouse as /devices/platform/i8042/serio1/input/input4
[    7.301926] tsc: Refined TSC clocksource calibration: 2294.450 MHz
[    7.326199] clocksource: tsc: mask: 0xffffffffffffffff max_cycles: 0x2112ba52ded, max_idle_ns: 440795258266 ns
[    7.394934] e1000 0000:00:03.0 eth0: (PCI:33MHz:32-bit) 02:29:99:d5:6c:03
[    7.406837] e1000 0000:00:03.0 eth0: Intel(R) PRO/1000 Network Connection
[    7.411018] mptbase: ioc0: Initiating bringup
[    7.476188] ioc0: LSI53C1030 A0: Capabilities={Initiator}
[    7.695455] scsi host2: ioc0: LSI53C1030 A0, FwRev=00000000h, Ports=1, MaxQ=256, IRQ=20
[    7.840621] scsi 2:0:0:0: Direct-Access     VBOX     HARDDISK         1.0  PQ: 0 ANSI: 5
[    7.901643] scsi target2:0:0: Beginning Domain Validation
[    7.935113] scsi target2:0:0: Domain Validation skipping write tests
[    7.936901] scsi target2:0:0: Ending Domain Validation
[    7.938410] scsi target2:0:0: asynchronous
[    7.940057] scsi 2:0:1:0: Direct-Access     VBOX     HARDDISK         1.0  PQ: 0 ANSI: 5
[    7.953250] scsi target2:0:1: Beginning Domain Validation
[    7.955778] scsi target2:0:1: Domain Validation skipping write tests
[    7.957596] scsi target2:0:1: Ending Domain Validation
[    7.964485] scsi target2:0:1: asynchronous
[    8.055062] sd 2:0:0:0: Attached scsi generic sg0 type 0
[    8.070812] sd 2:0:0:0: [sda] 20971520 512-byte logical blocks: (10.7 GB/10.0 GiB)
[    8.073572] sd 2:0:0:0: [sda] Write Protect is off
[    8.084417] sd 2:0:1:0: [sdb] 20480 512-byte logical blocks: (10.5 MB/10.0 MiB)
[    8.086994] sd 2:0:1:0: [sdb] Write Protect is off
[    8.088635] sd 2:0:1:0: [sdb] Incomplete mode parameter data
[    8.090326] sd 2:0:1:0: [sdb] Assuming drive cache: write through
[    8.092250] sd 2:0:1:0: Attached scsi generic sg1 type 0
[    8.112498] sd 2:0:0:0: [sda] Incomplete mode parameter data
[    8.144231] sd 2:0:0:0: [sda] Assuming drive cache: write through
[    8.226598]  sda: sda1
[    8.228294] e1000 0000:00:08.0 eth1: (PCI:33MHz:32-bit) 08:00:27:7e:be:66
[    8.228296] e1000 0000:00:08.0 eth1: Intel(R) PRO/1000 Network Connection
[    8.237098] e1000 0000:00:03.0 enp0s3: renamed from eth0
[    8.331220] sd 2:0:0:0: [sda] Attached SCSI disk
[    8.343204] sd 2:0:1:0: [sdb] Attached SCSI disk
[    8.348407] e1000 0000:00:08.0 enp0s8: renamed from eth1
[   10.003840] floppy0: no floppy controllers found
Begin: Loading e[   11.466283] md: linear personality registered for level -1
ssential drivers ... [   11.486441] md: multipath personality registered for level -4
[   11.512551] md: raid0 personality registered for level 0
[   11.529213] md: raid1 personality registered for level 1
[   11.639582] raid6: sse2x1   gen()  7226 MB/s
[   11.719550] raid6: sse2x1   xor()  5222 MB/s
[   11.787345] raid6: sse2x2   gen()  7211 MB/s
[   11.863833] raid6: sse2x2   xor()  5858 MB/s
[   11.935369] raid6: sse2x4   gen() 10329 MB/s
[   12.027369] raid6: sse2x4   xor()  7576 MB/s
[   12.046202] raid6: using algorithm sse2x4 gen() 10329 MB/s
[   12.063151] raid6: .... xor() 7576 MB/s, rmw enabled
[   12.069166] raid6: using ssse3x2 recovery algorithm
[   12.072492] xor: automatically using best checksumming function:
[   12.115579]    avx       : 16383.000 MB/sec
[   12.127153] async_tx: api initialized (async)
[   12.154762] md: raid6 personality registered for level 6
[   12.162075] md: raid5 personality registered for level 5
[   12.177134] md: raid4 personality registered for level 4
[   12.186076] md: raid10 personality registered for level 10
done.
Begin: Running /scripts/init-premount ... done.
Begin: Mounting root file syst[   12.230579] Btrfs loaded
em ... Begin: Running /scripts/local-top ... done.
Begin: Running /scripts/local-premount ... Scanning for Btrfs filesystems
done.
Warning: fsck not present, so skipping root file[   12.447281] EXT4-fs (sda1): mounted filesystem with ordered data mode. Opts: (null)
 system
done.
Begin: Running /scripts/local-bottom ... done.
Begin: Running /scripts/init-bottom ... done.
[   13.599919] systemd[1]: systemd 229 running in system mode. (+PAM +AUDIT +SELINUX +IMA +APPARMOR +SMACK +SYSVINIT +UTMP +LIBCRYPTSETUP +GCRYPT +GNUTLS +ACL +XZ -LZ4 +SECCOMP +BLKID +ELFUTILS +KMOD -IDN)
[   13.666960] systemd[1]: Detected virtualization oracle.
[   13.668260] systemd[1]: Detected architecture x86-64.

Welcome to [1mUbuntu 16.04.1 LTS[0m!

[   13.858267] random: nonblocking pool is initialized
[   13.874141] systemd[1]: Set hostname to <ubuntu>.
[   13.953281] systemd[1]: Initializing machine ID from random generator.
[   13.958058] systemd[1]: Installed transient /etc/machine-id file.
[   14.999146] systemd[1]: Listening on Journal Socket (/dev/log).
[[0;32m  OK  [0m] Listening on Journal Socket (/dev/log).
[   15.012143] systemd[1]: Listening on udev Control Socket.
[[0;32m  OK  [0m] Listening on udev Control Socket.
[   15.024085] systemd[1]: Listening on /dev/initctl Compatibility Named Pipe.
[[0;32m  OK  [0m] Listening on /dev/initctl Compatibility Named Pipe.
[   15.035934] systemd[1]: Reached target Swap.
[[0;32m  OK  [0m] Reached target Swap.
[   15.050602] systemd[1]: Reached target Encrypted Volumes.
[[0;32m  OK  [0m] Reached target Encrypted Volumes.
[   15.115967] systemd[1]: Listening on Device-mapper event daemon FIFOs.
[[0;32m  OK  [0m] Listening on Device-mapper event daemon FIFOs.
[   15.273566] systemd[1]: Created slice System Slice.
[[0;32m  OK  [0m] Created slice System Slice.
[   15.342218] systemd[1]: Created slice system-serial\x2dgetty.slice.
[[0;32m  OK  [0m] Created slice system-serial\x2dgetty.slice.
[   15.434688] systemd[1]: Listening on Syslog Socket.
[[0;32m  OK  [0m] Listening on Syslog Socket.
[   15.523552] systemd[1]: Listening on Journal Audit Socket.
[[0;32m  OK  [0m] Listening on Journal Audit Socket.
[   15.601580] systemd[1]: Created slice User and Session Slice.
[[0;32m  OK  [0m] Created slice User and Session Slice.
[   15.633192] systemd[1]: Reached target Slices.
[[0;32m  OK  [0m] Reached target Slices.
[   15.663859] systemd[1]: Listening on Journal Socket.
[[0;32m  OK  [0m] Listening on Journal Socket.
[   15.743724] systemd[1]: Starting Create list of required static device nodes for the current kernel...
         Starting Create list of required st... nodes for the current kernel...
[   15.956444] systemd[1]: Starting Load Kernel Modules...
         Starting Load Kernel Modules...
[   16.012255] systemd[1]: Starting Nameserver information manager...
         Starting Nameserver information manager...
[   16.064312] systemd[1]: Mounting Debug File System...
         Mounting Debug File System...
[   16.104587] systemd[1]: Starting Uncomplicated firewall...
[   16.113663] Loading iSCSI transport class v2.0-870.
         Starting Uncomplicated firewall...
[   16.126498] systemd[1]: Mounting POSIX Message Queue File System...
         Mounting POSIX Message Queue File System...
[   16.147766] systemd[1]: Starting Remount Root and Kernel File Systems...
         Starting Remount Root and Kernel File Systems...
[   16.172663] iscsi: registered transport (tcp)
[   16.194240] EXT4-fs (sda1): re-mounted. Opts: (null)
[   16.201744] systemd[1]: Starting Set console keymap...
         Starting Set console keymap...
[   16.248468] systemd[1]: Listening on LVM2 poll daemon socket.
[[0;32m  OK  [0m] Listening on LVM2 poll daemon socket.
[   16.411614] systemd[1]: Starting Journal Service...
         Starting Journal Service...
[   16.430595] systemd[1]: Listening on LVM2 metadata daemon socket.
[[0;32m  OK  [0m] Listening on LVM2 metadata d[   16.442894] iscsi: registered transport (iser)
aemon socket.
[   16.458672] systemd[1]: Starting Monitoring of LVM2 mirrors, snapshots etc. using dmeventd or progress polling...
         Starting Monitoring of LVM2 mirrors... dmeventd or progress polling...
[   16.492978] systemd[1]: Started Forward Password Requests to Wall Directory Watch.
[[0;32m  OK  [0m] Started Forward Password Requests to Wall Directory Watch.
[   16.595830] systemd[1]: Mounting Huge Pages File System...
         Mounting Huge Pages File System...
[   16.644695] systemd[1]: Reached target User and Group Name Lookups.
[[0;32m  OK  [0m] Reached target User and Group Name Lookups.
[   16.722985] systemd[1]: Listening on udev Kernel Socket.
[[0;32m  OK  [0m] Listening on udev Kernel Socket.
[   16.758591] systemd[1]: Set up automount Arbitrary Executable File Formats File System Automount Point.
[[0;32m  OK  [0m] Set up automount Arbitrary Executab...ats File System Automount Point.
[   16.852182] systemd[1]: Mounted POSIX Message Queue File System.
[[0;32m  OK  [0m] Mounted POSIX Message Queue File System.
[   16.886008] systemd[1]: Mounted Huge Pages File System.
[[0;32m  OK  [0m] Mounted Huge Pages File System.
[   16.939641] systemd[1]: Mounted Debug File System.
[[0;32m  OK  [0m] Mounted Debug File System.
[   17.047941] systemd[1]: Started Journal Service.
[[0;32m  OK  [0m] Started Journal Service.
[[0;32m  OK  [0m] Started Create list of required sta...ce nodes for the current kernel.
[[0;32m  OK  [0m] Started Load Kernel Modules.
[[0;32m  OK  [0m] Started Uncomplicated firewall.
[[0;32m  OK  [0m] Started Remount Root and Kernel File Systems.
[[0;32m  OK  [0m] Started Set console keymap.
[[0;32m  OK  [0m] Started Nameserver information manager.
[[0;32m  OK  [0m] Started LVM2 metadata daemon.
         Starting Load/Save Random Seed...
         Starting udev Coldplug all Devices...
         Starting Initial cloud-init job (pre-networking)...
         Mounting FUSE Control File System...
         Starting Apply Kernel Variables...
         Starting Create Static Device Nodes in /dev...
         Starting Flush Journal to Persistent Storage...
[[0;32m  OK  [0m] Mounted FUSE Control File System.
[[0;32m  OK  [0m] Started Load/Save Random Seed.
[[0;32m  OK  [0m] Started Apply Kernel Variables.
[[0;32m  OK  [0m] Started udev Coldplug all Devices.
[[0;32m  OK  [0m] Started Monitoring of LVM2 mirrors,...ng dmeventd or progress polling.
[[0;32m  OK  [0m] Started Flush Journal to Persistent Storage.
[[0;32m  OK  [0m] Started Create Static Device Nodes in /dev.
         Starting udev Kernel Device Manager...
[[0;32m  OK  [0m] Started udev Kernel Device Manager.
[[0;32m  OK  [0m] Started Dispatch Password Requests to Console Directory Watch.
[[0;32m  OK  [0m] Reached target Local File Systems (Pre).
[[0;32m  OK  [0m] Reached target Local File Systems.
         Starting Set console font and keymap...
         Starting Commit a transient machine-id on disk...
         Starting Create Volatile Files and Directories...
         Starting LSB: AppArmor initialization...
         Starting Tell Plymouth To Write Out Runtime Data...
[[0;32m  OK  [0m] Started Commit a transient machine-id on disk.
[[0;32m  OK  [0m] Started Create Volatile Files and Directories.
         Starting Update UTMP about System Boot/Shutdown...
[[0;32m  OK  [0m] Reached target System Time Synchronized.
[[0;32m  OK  [0m] Started Tell Plymouth To Write Out Runtime Data.
[[0;32m  OK  [0m] Started Update UTMP about System Boot/Shutdown.
[[0;32m  OK  [0m] Found device /dev/ttyS0.
[[0;32m  OK  [0m] Started LSB: AppArmor initialization.
[[0;32m  OK  [0m] Listening on Load/Save RF Kill Switch Status /dev/rfkill Watch.
[[0;32m  OK  [0m] Started Set console font and keymap.
[[0;32m  OK  [0m] Created slice system-getty.slice.
[   23.036907] cloud-init[464]: Cloud-init v. 0.7.8 running 'init-local' at Fri, 03 Feb 2017 13:03:06 +0000. Up 22.15 seconds.
[[0;32m  OK  [0m] Started Initial cloud-init job (pre-networking).
[[0;32m  OK  [0m] Reached target Network (Pre).
         Starting Raise network interfaces...
[[0;32m  OK  [0m] Started Raise network interfaces.
         Starting Initial cloud-init job (metadata service crawler)...
[[0;32m  OK  [0m] Reached target Network.
[   26.207722] cloud-init[1055]: Cloud-init v. 0.7.8 running 'init' at Fri, 03 Feb 2017 13:03:08 +0000. Up 24.02 seconds.
[   26.224624] cloud-init[1055]: ci-info: ++++++++++++++++++++++++++++++++++++++Net device info++++++++++++++++++++++++++++++++++++++
[   26.232026] cloud-init[1055]: ci-info: +--------+-------+----------------------------+---------------+-------+-------------------+
[   26.244990] cloud-init[1055]: ci-info: | Device |   Up  |          Address           |      Mask     | Scope |     Hw-Address    |
[   26.249280] cloud-init[1055]: ci-info: +--------+-------+----------------------------+---------------+-------+-------------------+
[   26.254654] cloud-init[1055]: ci-info: | enp0s8 | False |             .              |       .       |   .   | 08:00:27:7e:be:66 |
[   26.266493] cloud-init[1055]: ci-info: | enp0s3 |  True |         10.0.2.15          | 255.255.255.0 |   .   | 02:29:99:d5:6c:03 |
[   26.273956] cloud-init[1055]: ci-info: | enp0s3 |  True | fe80::29:99ff:fed5:6c03/64 |       .       |  link | 02:29:99:d5:6c:03 |
[   26.282409] cloud-init[1055]: ci-info: |   lo   |  True |         127.0.0.1          |   255.0.0.0   |   .   |         .         |
[   26.289317] cloud-init[1055]: ci-info: |   lo   |  True |          ::1/128           |       .       |  host |         .         |
[   26.302141] cloud-init[1055]: ci-info: +--------+-------+----------------------------+---------------+-------+-------------------+
[   26.302591] cloud-init[1055]: ci-info: +++++++++++++++++++++++++++Route IPv4 info++++++++++++++++++++++++++++
[   26.302822] cloud-init[1055]: ci-info: +-------+-------------+----------+---------------+-----------+-------+
[   26.303065] cloud-init[1055]: ci-info: | Route | Destination | Gateway  |    Genmask    | Interface | Flags |
[   26.303755] cloud-init[1055]: ci-info: +-------+-------------+----------+---------------+-----------+-------+
[   26.303994] cloud-init[1055]: ci-info: |   0   |   0.0.0.0   | 10.0.2.2 |    0.0.0.0    |   enp0s3  |   UG  |
[   26.304248] cloud-init[1055]: ci-info: |   1   |   10.0.2.0  | 0.0.0.0  | 255.255.255.0 |   enp0s3  |   U   |
[   26.304517] cloud-init[1055]: ci-info: +-------+-------------+----------+---------------+-----------+-------+
[   26.304750] cloud-init[1055]: Generating public/private rsa key pair.
[   26.304983] cloud-init[1055]: Your identification has been saved in /etc/ssh/ssh_host_rsa_key.
[   26.305229] cloud-init[1055]: Your public key has been saved in /etc/ssh/ssh_host_rsa_key.pub.
[   26.305498] cloud-init[1055]: The key fingerprint is:
[   26.305739] cloud-init[1055]: SHA256:rg3X68txOEoE3DpqOq+jdn95L6sJUVgXp5SHwfGtSuM root@ubuntu-xenial
[   26.305973] cloud-init[1055]: The key's randomart image is:
[   26.306218] cloud-init[1055]: +---[RSA 2048]----+
[   26.306483] cloud-init[1055]: |       ..**.     |
[   26.306712] cloud-init[1055]: |     .o.o++..    |
[   26.306954] cloud-init[1055]: |     .o..... .   |
[   26.307198] cloud-init[1055]: |      .o    .    |
[   26.307487] cloud-init[1055]: |     .o So .     |
[   26.307694] cloud-init[1055]: |     ..+o.o.     |
[   26.307935] cloud-init[1055]: |    o.. =E= .    |
[   26.309227] cloud-init[1055]: | .o+  .O.= =     |
[   26.309447] cloud-init[1055]: |o.+=o.oo=oOo     |
[   26.309683] cloud-init[1055]: +----[SHA256]-----+
[   26.309926] cloud-init[1055]: Generating public/private dsa key pair.
[   26.310167] cloud-init[1055]: Your identification has been saved in /etc/ssh/ssh_host_dsa_key.
[   26.310434] cloud-init[1055]: Your public key has been saved in /etc/ssh/ssh_host_dsa_key.pub.
[   26.310668] cloud-init[1055]: The key fingerprint is:
[   26.310921] cloud-init[1055]: SHA256:4jwj5RZcu3p8+y5fMJm6sMXOF72NkiF4kVKH1HjDwAk root@ubuntu-xenial
[   26.311155] cloud-init[1055]: The key's randomart image is:
[   26.311421] cloud-init[1055]: +---[DSA 1024]----+
[   26.311662] cloud-init[1055]: |        E+oB     |
[   26.311903] cloud-init[1055]: |          * *    |
[   26.312375] cloud-init[1055]: |        .. + .   |
[   26.312616] cloud-init[1055]: |     . ...o  o   |
[   26.312858] cloud-init[1055]: |      = So .=.   |
[   26.313104] cloud-init[1055]: |     = o.oo.oo.  |
[   26.313353] cloud-init[1055]: |    . B.o.+. +.+ |
[   26.313592] cloud-init[1055]: |     o +o*o.+.o .|
[   26.313830] cloud-init[1055]: |      ....=B+.   |
[   26.314075] cloud-init[1055]: +----[SHA256]-----+
[   26.314533] cloud-init[1055]: Generating public/private ecdsa key pair.
[   26.314778] cloud-init[1055]: Your identification has been saved in /etc/ssh/ssh_host_ecdsa_key.
[   26.315020] cloud-init[1055]: Your public key has been saved in /etc/ssh/ssh_host_ecdsa_key.pub.
[   26.315290] cloud-init[1055]: The key fingerprint is:
[   26.315510] cloud-init[1055]: SHA256:JUmUKxBKNcWtHwXI3oG/Gu1mWxdUh02TrYVkGBDr1kY root@ubuntu-xenial
[   26.315759] cloud-init[1055]: The key's randomart image is:
[   26.316034] cloud-init[1055]: +---[ECDSA 256]---+
[[0;32m  OK  [0m] Started Initial cloud-init job (metadata service crawler).
[   26.316345] cloud-init[1055]: |  ..+=.=+ooo.++*=|
[   26.505903] cloud-init[1055]: | . ...=.+....ooo=|
[   26.506380] cloud-init[1055]: |  .  o +o+o E  o |
[[0;32m  OK  [0m] Reached target Network is Online.
[   26.506598] cloud-init[1055]: |      + =+ +  .  |
[   26.543471] cloud-init[1055]: |       +Soo +    |
[   26.548705] cloud-init[1055]: |      . +. . .   |
[   26.557614] cloud-init[1055]: |       +  . .    |
[   26.558039] cloud-init[1055]: |      . +. .     |
         Starting iSCSI initiator daemon (iscsid)...
[   26.558309] cloud-init[1055]: |       o..       |
[   26.563562] cloud-init[1055]: +----[SHA256]-----+
[[0;32m  OK  [0m] Reached target Cloud-config availability.
[   26.563757] cloud-init[1055]: Generating public/private ed25519 key pair.
[   26.571987] cloud-init[1055]: Your identification has been saved in /etc/ssh/ssh_host_ed25519_key.
[[0;32m  OK  [0m] Reached target System Initialization.
[[0;32m  OK  [0m] Listening on UUID daemon activation socket.
[[0;32m  OK  [0m] Started Daily Cleanup of Temporary Directories.
[   26.572303] cloud-init[1055]: Your public key has been saved in /etc/ssh/ssh_host_ed25519_key.pub.
         Starting LXD - unix socket.
[[0;32m  OK  [0m] Started Daily apt activities.
[[0;32m  OK  [0m] Listening on D-Bus System Message Bus Socket.
[[0;32m  OK  [0m] Started Timer to automatically refresh installed snaps.
[   26.636235] cloud-init[1055]: The key fingerprint is:
[   26.681112] cloud-init[1055]: SHA256:pEvO6Rs1IU0l1E3NWFoIhFx4fOheedWkbsG32D4kLuY root@ubuntu-xenial
[   26.701020] cloud-init[1055]: The key's randomart image is:
[[0;32m  OK  [0m] Reached target Timers.
[[0;32m  OK  [0m] Listening on ACPID Listen Socket.
[[0;32m  OK  [0m] Started Trigger resolvconf update for networkd DNS.
[   26.707328] cloud-init[1055]: +--[ED25519 256]--+
[   26.759501] cloud-init[1055]: |       o+O==.*o.o|
[   26.765128] cloud-init[1055]: |       o+.= =+o.o|
[[0;32m  OK  [0m] Started ACPI Events Check.
[[0;32m  OK  [0m] Reached target Paths.
         Starting Socket activation for snappy daemon.
[   26.786987] cloud-init[1055]: |      . +o ...+..|
[   26.896519] [cloud-init[0;32m  OK  [0m[1055]: ] |       + .. o.+o.|Listening on LXD - unix socket.

[[0;32m  OK  [0m] Listening on Socket activation for snappy daemon.
[[0;32m  OK  [0m] Started iSCSI initiator daemon (iscsid).
[   26.897195] cloud-init[1055]: |      o S. . +o+ |
[   27.009787]          cloud-initStarting Login to default iSCSI targets...[1055]: 
|     + + .. ..+  |
[[0;32m  OK  [0m] Reached target Sockets.
[   27.049915] [[0;32m  OK  [0m] Reached target Basic System.
cloud-init[1055]: |      *    o . o |
[   27.057923] cloud-init[1055]: |     . .  o .   .|
[[0;32m  OK  [0m] Started D-Bus System Message Bus.
[   27.070743] cloud-init[1055]: |      o.   E     |
[   27.085331] cloud-init[1055]: +----[SHA256]-----+
[[0;32m  OK  [0m] Started ACPI event daemon.
         Starting LXD - container startup/shutdown...
[[0;32m  OK  [0m] Started Snappy daemon.
[[0;32m  OK  [0m] Started Deferred execution scheduler.
         Starting Login Service...
         Starting LSB: Record successful boot for GRUB...
         Starting Auto import assertions from block devices...
         Starting Accounts Service...
         Starting System Logging Service...
         Starting LSB: MD monitoring daemon...
         Starting /etc/rc.local Compatibility...
         Starting Apply the settings specified in cloud-config...
[[0;32m  OK  [0m] Started Regular background program processing daemon.
         Starting Pollinate to seed the pseudo random number generator...
[[0;32m  OK  [0m] Started FUSE filesystem for LXC.
[[0;32m  OK  [0m] Started Auto import assertions from block devices.
[[0;32m  OK  [0m] Started /etc/rc.local Compatibility.
[[0;32m  OK  [0m] Started Login Service.
[[0;32m  OK  [0m] Started LSB: Record successful boot for GRUB.
[[0;32m  OK  [0m] Started System Logging Service.
[[0;32m  OK  [0m] Started Login to default iSCSI targets.
[[0;32m  OK  [0m] Reached target Remote File Systems (Pre).
[[0;32m  OK  [0m] Reached target Remote File Systems.
         Starting LSB: automatic crash report generation...
         Starting Permit User Sessions...
         Starting LSB: VirtualBox Linux Additions...
         Starting LSB: Set the CPU Frequency Scaling governor to "ondemand"...
         Starting LSB: daemon to balance interrupts for SMP systems...
[[0;32m  OK  [0m] Started LSB: MD monitoring daemon.
[[0;32m  OK  [0m] Started LSB: Set the CPU Frequency Scaling governor to "ondemand".
[[0;32m  OK  [0m] Started Permit User Sessions.
         Starting Terminate Plymouth Boot Screen...
         Starting Hold until boot process finishes up...
[[0;32m  OK  [0m] Started Terminate Plymouth Boot Screen.
[[0;32m  OK  [0m] Started Hold until boot process finishes up.
[[0;32m  OK  [0m] Started Serial Getty on ttyS0.
[[0;32m  OK  [0m] Started Getty on tty1.
[[0;32m  OK  [0m] Reached target Login Prompts.
         Starting Set console scheme...
[[0;32m  OK  [0m] Started Set console scheme.
[   29.756504] cloud-init[1186]: Generating locales (this might take a while)...
[[0;32m  OK  [0m] Started LSB: daemon to balance interrupts for SMP systems.
[[0;32m  OK  [0m] Started LSB: automatic crash report generation.
         Starting Authenticate and Authorize Users to Run Privileged Tasks...
[[0;32m  OK  [0m] Started LSB: VirtualBox Linux Additions.
[[0;32m  OK  [0m] Started Authenticate and Authorize Users to Run Privileged Tasks.
[[0;32m  OK  [0m] Started Accounts Service.
[[0;32m  OK  [0m] Started LXD - container startup/shutdown.
[   32.432944] cloud-init[1186]:   en_US.UTF-8... done
[   32.486901] cloud-init[1186]: Generation complete.
[[0;32m  OK  [0m] Stopped OpenBSD Secure Shell server.
         Starting OpenBSD Secure Shell server...
[[0;32m  OK  [0m] Started OpenBSD Secure Shell server.
[[0;32m  OK  [0m] Started Pollinate to seed the pseudo random number generator.
[[0;32m  OK  [0m] Reached target Multi-User System.
[[0;32m  OK  [0m] Reached target Graphical Interface.
         Starting Update UTMP about System Runlevel Changes...
[[0;32m  OK  [0m] Started Update UTMP about System Runlevel Changes.
[   34.425686] cloud-init[1186]: Cloud-init v. 0.7.8 running 'modules:config' at Fri, 03 Feb 2017 13:03:12 +0000. Up 27.99 seconds.
ci-info: no authorized ssh keys fingerprints found for user ubuntu.
<14>Feb  3 13:03:19 ec2: 
<14>Feb  3 13:03:19 ec2: #############################################################
<14>Feb  3 13:03:19 ec2: -----BEGIN SSH HOST KEY FINGERPRINTS-----
<14>Feb  3 13:03:19 ec2: 1024 SHA256:4jwj5RZcu3p8+y5fMJm6sMXOF72NkiF4kVKH1HjDwAk root@ubuntu-xenial (DSA)
<14>Feb  3 13:03:19 ec2: 256 SHA256:JUmUKxBKNcWtHwXI3oG/Gu1mWxdUh02TrYVkGBDr1kY root@ubuntu-xenial (ECDSA)
<14>Feb  3 13:03:19 ec2: 256 SHA256:pEvO6Rs1IU0l1E3NWFoIhFx4fOheedWkbsG32D4kLuY root@ubuntu-xenial (ED25519)
<14>Feb  3 13:03:19 ec2: 2048 SHA256:rg3X68txOEoE3DpqOq+jdn95L6sJUVgXp5SHwfGtSuM root@ubuntu-xenial (RSA)
<14>Feb  3 13:03:19 ec2: -----END SSH HOST KEY FINGERPRINTS-----
<14>Feb  3 13:03:19 ec2: #############################################################
-----BEGIN SSH HOST KEY KEYS-----
ecdsa-sha2-nistp256 AAAAE2VjZHNhLXNoYTItbmlzdHAyNTYAAAAIbmlzdHAyNTYAAABBBLV5/QIh67vTN0dahSG2yg9aYTQqf9+Ck0iyKvWWnQcKTR9gUPKmKRBC5YNwmPKpm7DrJ+xylo5+DhMXfIsJb/M= root@ubuntu-xenial
ssh-ed25519 AAAAC3NzaC1lZDI1NTE5AAAAIIRAjAMLyj20W9fnyKm2ewhM87OC2CpqBdrRh0iFQbTr root@ubuntu-xenial
ssh-rsa AAAAB3NzaC1yc2EAAAADAQABAAABAQDXkNenFYR9tt518obYQ1HHp3KHaaBHPLBzkvQVUQqVQyr8Pyq4ki+FKYqOqfEN1BRobvCBxMTWRyfBTd5+ForFSacjmpAa3r6i3ghJgvo7h7Npc2EM/+cP3f3cyuNit/m5ya4kn2q/rLdCwAwLyoJNoK41qwGshF1w27M+kXQNnj6QIhhxLTzdSY3lDgVUUslVsjLgFNJaE/nd+zgE5mcE2hVwnsSUykCBmLZmrM85Dv7ozQb0DY+XXz4jZ/ubICwlWBVEK1EHxkZgBiURaC1f4s6NM374F5Iw/L48+7g+tqtn0160oYMbk0fdOPeP77lxowp+i1WJW/lf00IQg3cl root@ubuntu-xenial
-----END SSH HOST KEY KEYS-----
[   35.296641] cloud-init[1422]: Cloud-init v. 0.7.8 running 'modules:final' at Fri, 03 Feb 2017 13:03:19 +0000. Up 34.85 seconds.
[   35.296839] cloud-init[1422]: ci-info: no authorized ssh keys fingerprints found for user ubuntu.
[   35.296997] cloud-init[1422]: Cloud-init v. 0.7.8 finished at Fri, 03 Feb 2017 13:03:19 +0000. Datasource DataSourceNoCloud [seed=/dev/sdb][dsmode=net].  Up 35.28 seconds

Ubuntu 16.04.1 LTS ubuntu-xenial ttyS0

ubuntu-xenial login: 